# 分布式版本编程与使用规范
> 如对本规范有任何意见或建议，欢迎联系腾讯云工作人员或直接发送邮件到benhu@tencent.com
> **本文未特定知名的情况下，TDSQL均指代分布式云数据库DCDB for TDSQL。**

## 1. 概述：
### 1.1 分布式简介
DCDB for TDSQL是部署在腾讯云公有云上的一种兼容MySQL协议和语法，支持自动水平拆分的分布式数据库。分布式数据库即业务获取是完整的逻辑库表，后端却将库表均匀的拆分到多个物理分片节点。目前，DCDB for TDSQL默认部署主备架构且提供了容灾、备份、恢复、监控、迁移等方面的全套解决方案，适用于TB或PB级的海量数据库场景。
**分布式云数据库DCDB for TDSQL采用的水平切分的分布式方案，**即根据表中的数据的逻辑关系，将同一个表中的数据按照某种条件拆分到多台数据库（主机）上面，返种切分称之为数据的水平（横向）切分。

### 1.2 名词解释
**DCDB for TDSQL**: 是TDSQL的分布式版本（又称为group-sharding），本文因不涉及普通版本，因此后续简称TDSQL
**垂直切分**：只按照业务逻辑将表分类，分布到不同的数据库上面，这就将一个单一数据库的压力分担到不同的数据库上面。

**水平切分**：不是将表在做分类，而是按照某个字段的某种规则来分散到多个库中，每个库叫做一个分片，一个分片仅包括一部分数据。

**分片规则**：即拆分数据的规则，关系型数据库是一个二维的模型，所以一般有两种典型的方案进行拆分：
 - 采用某个有规律的字段进行人工划分：如日期（如2015年一个分片，2016年一个分片）、用户身份证号码……
 - 对特定字段进行hash：将根据特定范围字段分布到不同库中；这个特定字段就叫做**ShardKey**


**实例**：多个逻辑上统一的分片组成一个逻辑实例。

**分片**：由数据库引擎组成的物理逻辑上的实例，由”一个主节点（Master）、若干备节点（Slave_n）、若干异地备份节点（Watcher_m）”。

**节点**：承载分片的物理设备。当然，节点可以死物理机，也可以是虚拟机，也可能是一个小集群。

**逻辑表**：水平切分通常只是物理上的切分，在逻辑层面，切分后的数据库或数据库表仍然是一个完整的数据库表。

**proxy**：TDSQL通过Tproxy实现自动分库分表逻辑，管理底层的多个物理数据库实例，对客户端提供唯一的兼容mysql数据库服务端口。

**shard**：一个物理的数据库实例，用户看到的一个逻辑实例由多个物理实例构成

## 2.使用规范
### 2.1数据库连接
分布式云数据库TDSQL仍然提供了唯一的IP，端口供用户访问和使用，例如：
```
mysql -h10.231.136.34 -P3306 -utest12 -ptestpassword
```
### 2.2不兼容概述

- 建表时，需指明shardkey（即分区字段） ，代码示例如下：
```
create table test(a int, b int, …) shardkey=b
```
- 跨节点的join、transaction
- 批量插入等如果拆分到两个不同的分片，将不支持；这时候仅支持shardkey取值在一样的情况下的批量操作。。
- 视图、存储过程、触发器
-	自建分区
- 不支持MySQL 3.4.0以下的版本、SSL、压缩协议。
- 兼容性：[兼容性说明](https://www.qcloud.com/doc/product/237/%E5%85%BC%E5%AE%B9%E6%80%A7%E8%AF%B4%E6%98%8E)。

#### 2.2.1 建表

建表的时候必须在最后面指定shardkey的值，该值为表中的一个字段名字，会用于SQL的路由选择：
```
mysql> create table test1 ( a int , b int, c char(20) );
ERROR 1005 (07000): Proxy Warning - sql is not legal,tokenizer_gram went wrong

mysql> create table test1 ( a int , b int, c char(20) ) shardkey=a;
Query OK, 0 rows affected (1.56 sec)

```
**shardkey字段有如下限定要求：**
1. 如存在主键或者唯一索引，则shardkey字段必须是主键以及所有唯一索引的一部分
2. 如包含多个唯一索引（包括主键），则这些索引必须有交集字段，且此字段必须为shardkey
3. shardkey字段的类型必须是int,bigint,smallint/char/varchar
4. shardkey字段的值不应该有中文，网关不会转换字符集，所以不同字符集可能会路由到不同的分区
5. 不要update shardkey字段的值
6. shardkey=a 放在sql的最后面

#### 2.2.2 普通sql
**select：** 建议您带上shardkey字段，若不带上也可以使用，但此时书记先需要全表扫描，然后网关进行结果集聚合，对性能影响很大：
```
mysql> select * from test1 where a=2;
+------+------+---------+
| a     | b     | c        |
+------+------+---------+
| 2     | 3     | record2 |
| 2     | 4     | record3 |
+------+------+---------+
2 rows in set (0.00 sec)

```

**insert/replace：** 字段**“必须”**包含shardkey，否则会拒绝执行该sql，因为proxy无法确认应该插入到哪一个分片：
```
mysql> insert into test1 (b,c) values(4,"record3");
ERROR 1105 (07000): Proxy Warning - sql have no shardkey

mysql> insert into test1 (a,c) values(4,"record3");
Query OK, 1 row affected (0.01 sec)
```


**delete/update：** 为了安全考虑，我们要求执行该类sql的时候**“必须“**带有where条件，否则拒绝执行该sql命令：
```
mysql> delete from test1;
ERROR 1005 (07000): Proxy Warning - sql is not legal,tokenizer_gram went wrong

mysql> delete from test1 where a=1;
Query OK, 1 row affected (0.01 sec)

```

#### 2.2.3 join
**join：** 当前TDSQL只支持单个shard内的join操作，单个shard意味着在一个事务内的所有sql必须操作同一个shard，因此必须指定shardkey字段。

```
mysql> create table test1 ( a int , b int, c char(20) ) shardkey=a;
Query OK, 0 rows affected (1.56 sec)

mysql> create table test2 ( a int , d int, e char(20) ) shardkey=a;
Query OK, 0 rows affected (1.46 sec)

mysql> insert into test1 (a,b,c) values(1,2,"record1"),(2,3,"record2");
Query OK, 2 rows affected (0.02 sec)

mysql> insert into test2 (a,d,e) values(1,3,"test2_record1"),(2,3,"test2_record2");
Query OK, 2 rows affected (0.02 sec)

mysql> select * from test1 join test2 on test1.a=test2.a;
ERROR 1105 (07000): Proxy Warning - join shardkey error
mysql> select * from test1 join test2 on test1.a=test2.a where test1.a=1;
+------+------+---------+------+------+---------------+
| a     | b     | c        | a     | d     | e                |
+------+------+---------+------+------+---------------+
| 1     | 2     | record1 | 1    | 3      | test2_record1 |
+------+------+---------+------+------+---------------+
1 row in set (0.00 sec)
```


>注意：`mysql> select * from test1 join test2 on test1.a=test2.a;`语句在后续版本中会支持，但有如下前置条件：
>1. 必须是inner join
>2. inner join的where条件必须是2张表的shardkey字段相等

#### 2.2.4 事务

TDSQL支持单个shard内的事务，单个shard意味着在一个事务内的所有sql必须操作同一个shard执行
```
mysql> select * from test1;
+------+------+---------+
| a     | b     | c        |
+------+------+---------+
| 2     | 3     | record2 |
| 1     | 2     | record1 |
+------+------+---------+
2 rows in set (0.00 sec)

mysql> begin;
Query OK, 0 rows affected (0.00 sec)

mysql> insert into test1 (a,b,c) values(2,4,"record3");
Query OK, 1 row affected (0.00 sec)

mysql> insert into test1 (a,b,c) values(1,4,"record3");
ERROR 1105 (07000): Proxy ERROR - In transaction,this sql use a diffent backend

mysql> select * from test1;
ERROR 1105 (07000): Proxy ERROR - In transaction,this sql use more than one  backend

mysql> rollback;
Query OK, 0 rows affected (0.01 sec)

```
>注意：后续版本将支持部分简单DML语句

#### 2.2.5 自增字段

TDSQL支持一定意义上的自增字段，保证某个字段全局唯一，但是不保证单调递增，具体使用方法如下：
**创建：**
```
create table auto_inc ( a int,b int,c int auto_increment,d int) shardkey=d;
```

**插入：**
```
mysql> insert into shard.auto_inc ( a,b,d,c) values(1,2,3,0),(1,2,3,0);
Query OK, 2 rows affected (0.01 sec)
Records: 2 Duplicates: 0 Warnings: 0
mysql> select * from shard.auto_inc;
+‐‐‐‐‐‐+‐‐‐‐‐‐+‐‐‐‐‐‐+‐‐‐‐‐‐+
| a | b | c | d |
+‐‐‐‐‐‐+‐‐‐‐‐‐+‐‐‐‐‐‐+‐‐‐‐‐‐+
| 1 | 2 | 1 | 3 |
| 1 | 2 | 2 | 3 |
+‐‐‐‐‐‐+‐‐‐‐‐‐+‐‐‐‐‐‐+‐‐‐‐‐‐+
2 rows in set (0.01 sec)

```

值得说明的是，如果在proxy调度切换、重启等过程中，自增长字段中间会有空洞，例如：
```
mysql> insert into shard.auto_inc ( a,b,d,c) values(11,12,13,0),(21,22,23,0);
Query OK, 2 rows affected (0.03 sec)
mysql> select * from shard.auto_inc;
+‐‐‐‐‐‐+‐‐‐‐‐‐+‐‐‐‐‐‐+‐‐‐‐‐‐+
| a | b | c | d |
+‐‐‐‐‐‐+‐‐‐‐‐‐+‐‐‐‐‐‐+‐‐‐‐‐‐+
| 21 | 22 | 2002 | 23 |
| 1 | 2 | 1 | 3 |
| 1 | 2 | 2 | 3 |
| 11 | 12 | 2001 | 13 |
+‐‐‐‐‐‐+‐‐‐‐‐‐+‐‐‐‐‐‐+‐‐‐‐‐‐+
4 rows in set (0.01 sec)

```
更改当前值
```
alter table auto auto_increment=100
```

> 当前版本不支持自增字段作为shardkey，后续版本计划支持。

#### 2.2.6 SQL命令限制

TDSQL目前支持的sql命令如下：

1. delele,update,insert,replace,select
2. alter,create,drop,truncate
3. show,describe(desc,explain),help
4. start,begin,commit,rollback,savepoint
5. set

> 注意：对于一般的查询数据库状态信息的sql，proxy会发往默认shard，这样查询统计信息的话，看到的结果是单个shard的信息

#### 2.2.7 用户权限相关限制

暂不支持使用sql命令通过proxy进行用户权限相关的设置，请至"腾讯云管理中心>云数据库>TDSQL>管理”进行操作

#### 2.2.8 其它不支持的MySQL特性
1. 跨节点的join、transaction（注：不跨节点，即同一个shardkey下的数据操作，join和transaction是可以支持的）
2. 视图、存储过程、触发器
3. 自建分区
4. 批量数据导入：不支持load data local infile之类的sql，需要转成insert语句，类似insert into values(xxx,xxx),(xxx,xxx);
5. 子查询，having子句

#### 2.2.9 聚合函数限制
1. 如果需要distinct后再做聚合，那么where条件必须带shardkey：
如：`select count(distinct a)，sum(distinct a)，avg(distinct a) from table where sk=\*\*`

2. 对于`distinct、order by、group by`如果后面跟函数的话，该函数必须出现在select的字段中，而且必须定义别名，对应distinct、order by、group by后使用别名：
如：`select concat(...) as substr from table where ... order by substr`

3. group by的字段必须在select的字段中：
如：`select count(a),b from test group by b`，其中select中必须包含字段b